Archive member included because of file (symbol)

c:/winavr-20100110/bin/../lib/gcc/avr/4.3.3/avr4\libgcc.a(_udivmodhi4.o)
                              uart.o (__udivmodhi4)
c:/winavr-20100110/bin/../lib/gcc/avr/4.3.3/avr4\libgcc.a(_exit.o)
                              c:/winavr-20100110/bin/../lib/gcc/avr/4.3.3/../../../../avr/lib/avr4/crtm8.o (exit)
c:/winavr-20100110/bin/../lib/gcc/avr/4.3.3/avr4\libgcc.a(_copy_data.o)
                              rf_at8.o (__do_copy_data)
c:/winavr-20100110/bin/../lib/gcc/avr/4.3.3/avr4\libgcc.a(_clear_bss.o)
                              rf_at8.o (__do_clear_bss)
c:/winavr-20100110/bin/../lib/gcc/avr/4.3.3/../../../../avr/lib/avr4\libc.a(iob.o)
                              uart.o (__iob)
c:/winavr-20100110/bin/../lib/gcc/avr/4.3.3/../../../../avr/lib/avr4\libc.a(printf.o)
                              rf_at8.o (printf)
c:/winavr-20100110/bin/../lib/gcc/avr/4.3.3/../../../../avr/lib/avr4\libc.a(putchar.o)
                              rf_at8.o (putchar)
c:/winavr-20100110/bin/../lib/gcc/avr/4.3.3/../../../../avr/lib/avr4\libc.a(puts.o)
                              rf_at8.o (puts)
c:/winavr-20100110/bin/../lib/gcc/avr/4.3.3/../../../../avr/lib/avr4\libc.a(vfprintf_std.o)
                              c:/winavr-20100110/bin/../lib/gcc/avr/4.3.3/../../../../avr/lib/avr4\libc.a(printf.o) (vfprintf)
c:/winavr-20100110/bin/../lib/gcc/avr/4.3.3/../../../../avr/lib/avr4\libc.a(eerd_byte_atmega8.o)
                              rf_at8.o (__eerd_byte_m8)
c:/winavr-20100110/bin/../lib/gcc/avr/4.3.3/../../../../avr/lib/avr4\libc.a(strnlen_P.o)
                              c:/winavr-20100110/bin/../lib/gcc/avr/4.3.3/../../../../avr/lib/avr4\libc.a(vfprintf_std.o) (strnlen_P)
c:/winavr-20100110/bin/../lib/gcc/avr/4.3.3/../../../../avr/lib/avr4\libc.a(strnlen.o)
                              c:/winavr-20100110/bin/../lib/gcc/avr/4.3.3/../../../../avr/lib/avr4\libc.a(vfprintf_std.o) (strnlen)
c:/winavr-20100110/bin/../lib/gcc/avr/4.3.3/../../../../avr/lib/avr4\libc.a(fputc.o)
                              c:/winavr-20100110/bin/../lib/gcc/avr/4.3.3/../../../../avr/lib/avr4\libc.a(putchar.o) (fputc)
c:/winavr-20100110/bin/../lib/gcc/avr/4.3.3/../../../../avr/lib/avr4\libc.a(ultoa_invert.o)
                              c:/winavr-20100110/bin/../lib/gcc/avr/4.3.3/../../../../avr/lib/avr4\libc.a(vfprintf_std.o) (__ultoa_invert)
c:/winavr-20100110/bin/../lib/gcc/avr/4.3.3/avr4\libgcc.a(_prologue.o)
                              c:/winavr-20100110/bin/../lib/gcc/avr/4.3.3/../../../../avr/lib/avr4\libc.a(printf.o) (__prologue_saves__)
c:/winavr-20100110/bin/../lib/gcc/avr/4.3.3/avr4\libgcc.a(_epilogue.o)
                              c:/winavr-20100110/bin/../lib/gcc/avr/4.3.3/../../../../avr/lib/avr4\libc.a(printf.o) (__epilogue_restores__)

Allocating common symbols
Common symbol       size              file

command             0x1e              uart.o
count               0x2               uart.o
code                0x7               rf_at8.o
__iob               0x6               c:/winavr-20100110/bin/../lib/gcc/avr/4.3.3/../../../../avr/lib/avr4\libc.a(iob.o)
coderf              0x7               rf_at8.o

Memory Configuration

Name             Origin             Length             Attributes
text             0x00000000         0x00002000         xr
data             0x00800060         0x0000ffa0         rw !x
eeprom           0x00810000         0x00010000         rw !x
fuse             0x00820000         0x00000400         rw !x
lock             0x00830000         0x00000400         rw !x
signature        0x00840000         0x00000400         rw !x
*default*        0x00000000         0xffffffff

Linker script and memory map

LOAD c:/winavr-20100110/bin/../lib/gcc/avr/4.3.3/../../../../avr/lib/avr4/crtm8.o
LOAD rf_at8.o
LOAD ev_rx.o
LOAD ev_tx.o
LOAD uart.o
LOAD c:/winavr-20100110/bin/../lib/gcc/avr/4.3.3/avr4\libgcc.a
LOAD c:/winavr-20100110/bin/../lib/gcc/avr/4.3.3/../../../../avr/lib/avr4\libc.a
LOAD c:/winavr-20100110/bin/../lib/gcc/avr/4.3.3/avr4\libgcc.a

.hash
 *(.hash)

.dynsym
 *(.dynsym)

.dynstr
 *(.dynstr)

.gnu.version
 *(.gnu.version)

.gnu.version_d
 *(.gnu.version_d)

.gnu.version_r
 *(.gnu.version_r)

.rel.init
 *(.rel.init)

.rela.init
 *(.rela.init)

.rel.text
 *(.rel.text)
 *(.rel.text.*)
 *(.rel.gnu.linkonce.t*)

.rela.text
 *(.rela.text)
 *(.rela.text.*)
 *(.rela.gnu.linkonce.t*)

.rel.fini
 *(.rel.fini)

.rela.fini
 *(.rela.fini)

.rel.rodata
 *(.rel.rodata)
 *(.rel.rodata.*)
 *(.rel.gnu.linkonce.r*)

.rela.rodata
 *(.rela.rodata)
 *(.rela.rodata.*)
 *(.rela.gnu.linkonce.r*)

.rel.data
 *(.rel.data)
 *(.rel.data.*)
 *(.rel.gnu.linkonce.d*)

.rela.data
 *(.rela.data)
 *(.rela.data.*)
 *(.rela.gnu.linkonce.d*)

.rel.ctors
 *(.rel.ctors)

.rela.ctors
 *(.rela.ctors)

.rel.dtors
 *(.rel.dtors)

.rela.dtors
 *(.rela.dtors)

.rel.got
 *(.rel.got)

.rela.got
 *(.rela.got)

.rel.bss
 *(.rel.bss)

.rela.bss
 *(.rela.bss)

.rel.plt
 *(.rel.plt)

.rela.plt
 *(.rela.plt)

.text           0x00000000      0xd38
 *(.vectors)
 .vectors       0x00000000       0x26 c:/winavr-20100110/bin/../lib/gcc/avr/4.3.3/../../../../avr/lib/avr4/crtm8.o
                0x00000000                __vectors
                0x00000000                __vector_default
 *(.vectors)
 *(.progmem.gcc*)
 *(.progmem*)
                0x00000026                . = ALIGN (0x2)
                0x00000026                __trampolines_start = .
 *(.trampolines)
 .trampolines   0x00000026        0x0 linker stubs
 *(.trampolines*)
                0x00000026                __trampolines_end = .
 *(.jumptables)
 *(.jumptables*)
 *(.lowtext)
 *(.lowtext*)
                0x00000026                __ctors_start = .
 *(.ctors)
                0x00000026                __ctors_end = .
                0x00000026                __dtors_start = .
 *(.dtors)
                0x00000026                __dtors_end = .
 SORT(*)(.ctors)
 SORT(*)(.dtors)
 *(.init0)
 .init0         0x00000026        0x0 c:/winavr-20100110/bin/../lib/gcc/avr/4.3.3/../../../../avr/lib/avr4/crtm8.o
                0x00000026                __init
 *(.init0)
 *(.init1)
 *(.init1)
 *(.init2)
 .init2         0x00000026        0xc c:/winavr-20100110/bin/../lib/gcc/avr/4.3.3/../../../../avr/lib/avr4/crtm8.o
 *(.init2)
 *(.init3)
 *(.init3)
 *(.init4)
 .init4         0x00000032       0x16 c:/winavr-20100110/bin/../lib/gcc/avr/4.3.3/avr4\libgcc.a(_copy_data.o)
                0x00000032                __do_copy_data
 .init4         0x00000048       0x10 c:/winavr-20100110/bin/../lib/gcc/avr/4.3.3/avr4\libgcc.a(_clear_bss.o)
                0x00000048                __do_clear_bss
 *(.init4)
 *(.init5)
 *(.init5)
 *(.init6)
 *(.init6)
 *(.init7)
 *(.init7)
 *(.init8)
 *(.init8)
 *(.init9)
 .init9         0x00000058        0x4 c:/winavr-20100110/bin/../lib/gcc/avr/4.3.3/../../../../avr/lib/avr4/crtm8.o
 *(.init9)
 *(.text)
 .text          0x0000005c        0x2 c:/winavr-20100110/bin/../lib/gcc/avr/4.3.3/../../../../avr/lib/avr4/crtm8.o
                0x0000005c                __vector_1
                0x0000005c                __vector_12
                0x0000005c                __bad_interrupt
                0x0000005c                __vector_6
                0x0000005c                __vector_3
                0x0000005c                __vector_13
                0x0000005c                __vector_17
                0x0000005c                __vector_7
                0x0000005c                __vector_5
                0x0000005c                __vector_4
                0x0000005c                __vector_9
                0x0000005c                __vector_2
                0x0000005c                __vector_15
                0x0000005c                __vector_8
                0x0000005c                __vector_14
                0x0000005c                __vector_10
                0x0000005c                __vector_16
                0x0000005c                __vector_18
 .text          0x0000005e      0x32a rf_at8.o
                0x0000033c                uart_received
                0x00000076                getCode
                0x0000005e                gpioInit
                0x00000170                main
 .text          0x00000388       0xcc ev_rx.o
                0x00000388                M_Get_Pulsestart
                0x0000042c                M_Get_Frame
                0x000003c0                M_Get_Byte
                0x00000400                M_Get_Array
 .text          0x00000454       0xe2 ev_tx.o
                0x00000454                M_Sent_Bit
                0x00000480                M_Pulse_Start
                0x00000496                M_Sent_Byte
                0x000004d0                M_Sent_Array
                0x000004f8                M_Sent_Frame
 .text          0x00000536      0x1e2 uart.o
                0x000005a2                proc
                0x00000642                is_command
                0x00000536                uart_char_tx
                0x00000666                __vector_11
                0x000005a4                clear
                0x000005b4                findstr
                0x0000054c                uartInit
                0x0000056c                printptr
 .text          0x00000718        0x0 c:/winavr-20100110/bin/../lib/gcc/avr/4.3.3/avr4\libgcc.a(_udivmodhi4.o)
 .text          0x00000718        0x0 c:/winavr-20100110/bin/../lib/gcc/avr/4.3.3/avr4\libgcc.a(_exit.o)
 .text          0x00000718        0x0 c:/winavr-20100110/bin/../lib/gcc/avr/4.3.3/avr4\libgcc.a(_copy_data.o)
 .text          0x00000718        0x0 c:/winavr-20100110/bin/../lib/gcc/avr/4.3.3/avr4\libgcc.a(_clear_bss.o)
 .text          0x00000718        0x0 c:/winavr-20100110/bin/../lib/gcc/avr/4.3.3/../../../../avr/lib/avr4\libc.a(iob.o)
 .text          0x00000718        0x0 c:/winavr-20100110/bin/../lib/gcc/avr/4.3.3/../../../../avr/lib/avr4\libc.a(printf.o)
 .text          0x00000718        0x0 c:/winavr-20100110/bin/../lib/gcc/avr/4.3.3/../../../../avr/lib/avr4\libc.a(putchar.o)
 .text          0x00000718        0x0 c:/winavr-20100110/bin/../lib/gcc/avr/4.3.3/../../../../avr/lib/avr4\libc.a(puts.o)
 .text          0x00000718        0x0 c:/winavr-20100110/bin/../lib/gcc/avr/4.3.3/../../../../avr/lib/avr4\libc.a(vfprintf_std.o)
 .text          0x00000718        0x0 c:/winavr-20100110/bin/../lib/gcc/avr/4.3.3/../../../../avr/lib/avr4\libc.a(eerd_byte_atmega8.o)
 .text          0x00000718        0x0 c:/winavr-20100110/bin/../lib/gcc/avr/4.3.3/../../../../avr/lib/avr4\libc.a(strnlen_P.o)
 .text          0x00000718        0x0 c:/winavr-20100110/bin/../lib/gcc/avr/4.3.3/../../../../avr/lib/avr4\libc.a(strnlen.o)
 .text          0x00000718        0x0 c:/winavr-20100110/bin/../lib/gcc/avr/4.3.3/../../../../avr/lib/avr4\libc.a(fputc.o)
 .text          0x00000718        0x0 c:/winavr-20100110/bin/../lib/gcc/avr/4.3.3/../../../../avr/lib/avr4\libc.a(ultoa_invert.o)
 .text          0x00000718        0x0 c:/winavr-20100110/bin/../lib/gcc/avr/4.3.3/avr4\libgcc.a(_prologue.o)
 .text          0x00000718        0x0 c:/winavr-20100110/bin/../lib/gcc/avr/4.3.3/avr4\libgcc.a(_epilogue.o)
                0x00000718                . = ALIGN (0x2)
 *(.text.*)
 .text.libgcc   0x00000718       0x28 c:/winavr-20100110/bin/../lib/gcc/avr/4.3.3/avr4\libgcc.a(_udivmodhi4.o)
                0x00000718                __udivmodhi4
 .text.libgcc   0x00000740        0x0 c:/winavr-20100110/bin/../lib/gcc/avr/4.3.3/avr4\libgcc.a(_exit.o)
 .text.libgcc   0x00000740        0x0 c:/winavr-20100110/bin/../lib/gcc/avr/4.3.3/avr4\libgcc.a(_copy_data.o)
 .text.libgcc   0x00000740        0x0 c:/winavr-20100110/bin/../lib/gcc/avr/4.3.3/avr4\libgcc.a(_clear_bss.o)
 .text.avr-libc
                0x00000740       0x24 c:/winavr-20100110/bin/../lib/gcc/avr/4.3.3/../../../../avr/lib/avr4\libc.a(printf.o)
                0x00000740                printf
 .text.avr-libc
                0x00000764        0xc c:/winavr-20100110/bin/../lib/gcc/avr/4.3.3/../../../../avr/lib/avr4\libc.a(putchar.o)
                0x00000764                putchar
 .text.avr-libc
                0x00000770       0x6a c:/winavr-20100110/bin/../lib/gcc/avr/4.3.3/../../../../avr/lib/avr4\libc.a(puts.o)
                0x00000770                puts
 .text.avr-libc
                0x000007da      0x39c c:/winavr-20100110/bin/../lib/gcc/avr/4.3.3/../../../../avr/lib/avr4\libc.a(vfprintf_std.o)
                0x000007da                vfprintf
 .text.avr-libc
                0x00000b76       0x10 c:/winavr-20100110/bin/../lib/gcc/avr/4.3.3/../../../../avr/lib/avr4\libc.a(eerd_byte_atmega8.o)
                0x00000b76                __eerd_byte_m8
 .text.avr-libc
                0x00000b86       0x16 c:/winavr-20100110/bin/../lib/gcc/avr/4.3.3/../../../../avr/lib/avr4\libc.a(strnlen_P.o)
                0x00000b86                strnlen_P
 .text.avr-libc
                0x00000b9c       0x16 c:/winavr-20100110/bin/../lib/gcc/avr/4.3.3/../../../../avr/lib/avr4\libc.a(strnlen.o)
                0x00000b9c                strnlen
 .text.avr-libc
                0x00000bb2       0x58 c:/winavr-20100110/bin/../lib/gcc/avr/4.3.3/../../../../avr/lib/avr4\libc.a(fputc.o)
                0x00000bb2                fputc
 .text.avr-libc
                0x00000c0a       0xbc c:/winavr-20100110/bin/../lib/gcc/avr/4.3.3/../../../../avr/lib/avr4\libc.a(ultoa_invert.o)
                0x00000c0a                __ultoa_invert
 .text.libgcc   0x00000cc6       0x38 c:/winavr-20100110/bin/../lib/gcc/avr/4.3.3/avr4\libgcc.a(_prologue.o)
                0x00000cc6                __prologue_saves__
 .text.libgcc   0x00000cfe       0x36 c:/winavr-20100110/bin/../lib/gcc/avr/4.3.3/avr4\libgcc.a(_epilogue.o)
                0x00000cfe                __epilogue_restores__
                0x00000d34                . = ALIGN (0x2)
 *(.fini9)
 .fini9         0x00000d34        0x0 c:/winavr-20100110/bin/../lib/gcc/avr/4.3.3/avr4\libgcc.a(_exit.o)
                0x00000d34                exit
                0x00000d34                _exit
 *(.fini9)
 *(.fini8)
 *(.fini8)
 *(.fini7)
 *(.fini7)
 *(.fini6)
 *(.fini6)
 *(.fini5)
 *(.fini5)
 *(.fini4)
 *(.fini4)
 *(.fini3)
 *(.fini3)
 *(.fini2)
 *(.fini2)
 *(.fini1)
 *(.fini1)
 *(.fini0)
 .fini0         0x00000d34        0x4 c:/winavr-20100110/bin/../lib/gcc/avr/4.3.3/avr4\libgcc.a(_exit.o)
 *(.fini0)
                0x00000d38                _etext = .

.data           0x00800060       0x82 load address 0x00000d38
                0x00800060                PROVIDE (__data_start, .)
 *(.data)
 .data          0x00800060        0x0 c:/winavr-20100110/bin/../lib/gcc/avr/4.3.3/../../../../avr/lib/avr4/crtm8.o
 .data          0x00800060       0x63 rf_at8.o
                0x008000c1                ub1
                0x008000be                sw4
                0x008000bf                sw5
                0x008000bd                sw3
                0x008000c0                sw6
                0x008000bb                sw1
                0x008000c2                ub2
                0x008000ba                Mcode
                0x008000bc                sw2
 .data          0x008000c3        0x0 ev_rx.o
 .data          0x008000c3        0x0 ev_tx.o
 .data          0x008000c3       0x1f uart.o
 .data          0x008000e2        0x0 c:/winavr-20100110/bin/../lib/gcc/avr/4.3.3/avr4\libgcc.a(_udivmodhi4.o)
 .data          0x008000e2        0x0 c:/winavr-20100110/bin/../lib/gcc/avr/4.3.3/avr4\libgcc.a(_exit.o)
 .data          0x008000e2        0x0 c:/winavr-20100110/bin/../lib/gcc/avr/4.3.3/avr4\libgcc.a(_copy_data.o)
 .data          0x008000e2        0x0 c:/winavr-20100110/bin/../lib/gcc/avr/4.3.3/avr4\libgcc.a(_clear_bss.o)
 .data          0x008000e2        0x0 c:/winavr-20100110/bin/../lib/gcc/avr/4.3.3/../../../../avr/lib/avr4\libc.a(iob.o)
 .data          0x008000e2        0x0 c:/winavr-20100110/bin/../lib/gcc/avr/4.3.3/../../../../avr/lib/avr4\libc.a(printf.o)
 .data          0x008000e2        0x0 c:/winavr-20100110/bin/../lib/gcc/avr/4.3.3/../../../../avr/lib/avr4\libc.a(putchar.o)
 .data          0x008000e2        0x0 c:/winavr-20100110/bin/../lib/gcc/avr/4.3.3/../../../../avr/lib/avr4\libc.a(puts.o)
 .data          0x008000e2        0x0 c:/winavr-20100110/bin/../lib/gcc/avr/4.3.3/../../../../avr/lib/avr4\libc.a(vfprintf_std.o)
 .data          0x008000e2        0x0 c:/winavr-20100110/bin/../lib/gcc/avr/4.3.3/../../../../avr/lib/avr4\libc.a(eerd_byte_atmega8.o)
 .data          0x008000e2        0x0 c:/winavr-20100110/bin/../lib/gcc/avr/4.3.3/../../../../avr/lib/avr4\libc.a(strnlen_P.o)
 .data          0x008000e2        0x0 c:/winavr-20100110/bin/../lib/gcc/avr/4.3.3/../../../../avr/lib/avr4\libc.a(strnlen.o)
 .data          0x008000e2        0x0 c:/winavr-20100110/bin/../lib/gcc/avr/4.3.3/../../../../avr/lib/avr4\libc.a(fputc.o)
 .data          0x008000e2        0x0 c:/winavr-20100110/bin/../lib/gcc/avr/4.3.3/../../../../avr/lib/avr4\libc.a(ultoa_invert.o)
 .data          0x008000e2        0x0 c:/winavr-20100110/bin/../lib/gcc/avr/4.3.3/avr4\libgcc.a(_prologue.o)
 .data          0x008000e2        0x0 c:/winavr-20100110/bin/../lib/gcc/avr/4.3.3/avr4\libgcc.a(_epilogue.o)
 *(.data*)
 *(.rodata)
 *(.rodata*)
 *(.gnu.linkonce.d*)
                0x008000e2                . = ALIGN (0x2)
                0x008000e2                _edata = .
                0x008000e2                PROVIDE (__data_end, .)

.bss            0x008000e2       0x34
                0x008000e2                PROVIDE (__bss_start, .)
 *(.bss)
 .bss           0x008000e2        0x0 c:/winavr-20100110/bin/../lib/gcc/avr/4.3.3/../../../../avr/lib/avr4/crtm8.o
 .bss           0x008000e2        0x0 rf_at8.o
 .bss           0x008000e2        0x0 ev_rx.o
 .bss           0x008000e2        0x0 ev_tx.o
 .bss           0x008000e2        0x0 uart.o
 .bss           0x008000e2        0x0 c:/winavr-20100110/bin/../lib/gcc/avr/4.3.3/avr4\libgcc.a(_udivmodhi4.o)
 .bss           0x008000e2        0x0 c:/winavr-20100110/bin/../lib/gcc/avr/4.3.3/avr4\libgcc.a(_exit.o)
 .bss           0x008000e2        0x0 c:/winavr-20100110/bin/../lib/gcc/avr/4.3.3/avr4\libgcc.a(_copy_data.o)
 .bss           0x008000e2        0x0 c:/winavr-20100110/bin/../lib/gcc/avr/4.3.3/avr4\libgcc.a(_clear_bss.o)
 .bss           0x008000e2        0x0 c:/winavr-20100110/bin/../lib/gcc/avr/4.3.3/../../../../avr/lib/avr4\libc.a(iob.o)
 .bss           0x008000e2        0x0 c:/winavr-20100110/bin/../lib/gcc/avr/4.3.3/../../../../avr/lib/avr4\libc.a(printf.o)
 .bss           0x008000e2        0x0 c:/winavr-20100110/bin/../lib/gcc/avr/4.3.3/../../../../avr/lib/avr4\libc.a(putchar.o)
 .bss           0x008000e2        0x0 c:/winavr-20100110/bin/../lib/gcc/avr/4.3.3/../../../../avr/lib/avr4\libc.a(puts.o)
 .bss           0x008000e2        0x0 c:/winavr-20100110/bin/../lib/gcc/avr/4.3.3/../../../../avr/lib/avr4\libc.a(vfprintf_std.o)
 .bss           0x008000e2        0x0 c:/winavr-20100110/bin/../lib/gcc/avr/4.3.3/../../../../avr/lib/avr4\libc.a(eerd_byte_atmega8.o)
 .bss           0x008000e2        0x0 c:/winavr-20100110/bin/../lib/gcc/avr/4.3.3/../../../../avr/lib/avr4\libc.a(strnlen_P.o)
 .bss           0x008000e2        0x0 c:/winavr-20100110/bin/../lib/gcc/avr/4.3.3/../../../../avr/lib/avr4\libc.a(strnlen.o)
 .bss           0x008000e2        0x0 c:/winavr-20100110/bin/../lib/gcc/avr/4.3.3/../../../../avr/lib/avr4\libc.a(fputc.o)
 .bss           0x008000e2        0x0 c:/winavr-20100110/bin/../lib/gcc/avr/4.3.3/../../../../avr/lib/avr4\libc.a(ultoa_invert.o)
 .bss           0x008000e2        0x0 c:/winavr-20100110/bin/../lib/gcc/avr/4.3.3/avr4\libgcc.a(_prologue.o)
 .bss           0x008000e2        0x0 c:/winavr-20100110/bin/../lib/gcc/avr/4.3.3/avr4\libgcc.a(_epilogue.o)
 *(.bss*)
 *(COMMON)
 COMMON         0x008000e2        0xe rf_at8.o
                0x008000e2                code
                0x008000e9                coderf
 COMMON         0x008000f0       0x20 uart.o
                0x008000f0                command
                0x0080010e                count
 COMMON         0x00800110        0x6 c:/winavr-20100110/bin/../lib/gcc/avr/4.3.3/../../../../avr/lib/avr4\libc.a(iob.o)
                0x00800110                __iob
                0x00800116                PROVIDE (__bss_end, .)
                0x00000d38                __data_load_start = LOADADDR (.data)
                0x00000dba                __data_load_end = (__data_load_start + SIZEOF (.data))

.noinit         0x00800116        0x0
                0x00800116                PROVIDE (__noinit_start, .)
 *(.noinit*)
                0x00800116                PROVIDE (__noinit_end, .)
                0x00800116                _end = .
                0x00800116                PROVIDE (__heap_start, .)

.eeprom         0x00810000        0x0
 *(.eeprom*)
                0x00810000                __eeprom_end = .

.fuse
 *(.fuse)
 *(.lfuse)
 *(.hfuse)
 *(.efuse)

.lock
 *(.lock*)

.signature
 *(.signature*)

.stab
 *(.stab)

.stabstr
 *(.stabstr)

.stab.excl
 *(.stab.excl)

.stab.exclstr
 *(.stab.exclstr)

.stab.index
 *(.stab.index)

.stab.indexstr
 *(.stab.indexstr)

.comment
 *(.comment)

.debug
 *(.debug)

.line
 *(.line)

.debug_srcinfo
 *(.debug_srcinfo)

.debug_sfnames
 *(.debug_sfnames)

.debug_aranges  0x00000000       0x80
 *(.debug_aranges)
 .debug_aranges
                0x00000000       0x20 rf_at8.o
 .debug_aranges
                0x00000020       0x20 ev_rx.o
 .debug_aranges
                0x00000040       0x20 ev_tx.o
 .debug_aranges
                0x00000060       0x20 uart.o

.debug_pubnames
                0x00000000      0x1f0
 *(.debug_pubnames)
 .debug_pubnames
                0x00000000       0xa4 rf_at8.o
 .debug_pubnames
                0x000000a4       0x56 ev_rx.o
 .debug_pubnames
                0x000000fa       0x65 ev_tx.o
 .debug_pubnames
                0x0000015f       0x91 uart.o

.debug_info     0x00000000      0xfa4
 *(.debug_info)
 .debug_info    0x00000000      0x4d9 rf_at8.o
 .debug_info    0x000004d9      0x2ae ev_rx.o
 .debug_info    0x00000787      0x4aa ev_tx.o
 .debug_info    0x00000c31      0x373 uart.o
 *(.gnu.linkonce.wi.*)

.debug_abbrev   0x00000000      0x5fb
 *(.debug_abbrev)
 .debug_abbrev  0x00000000      0x198 rf_at8.o
 .debug_abbrev  0x00000198      0x149 ev_rx.o
 .debug_abbrev  0x000002e1      0x140 ev_tx.o
 .debug_abbrev  0x00000421      0x1da uart.o

.debug_line     0x00000000      0xaf0
 *(.debug_line)
 .debug_line    0x00000000      0x483 rf_at8.o
 .debug_line    0x00000483      0x1f1 ev_rx.o
 .debug_line    0x00000674      0x232 ev_tx.o
 .debug_line    0x000008a6      0x24a uart.o

.debug_frame    0x00000000      0x190
 *(.debug_frame)
 .debug_frame   0x00000000       0x50 rf_at8.o
 .debug_frame   0x00000050       0x50 ev_rx.o
 .debug_frame   0x000000a0       0x60 ev_tx.o
 .debug_frame   0x00000100       0x90 uart.o

.debug_str      0x00000000      0x270
 *(.debug_str)
 .debug_str     0x00000000      0x108 rf_at8.o
                                0x146 (size before relaxing)
 .debug_str     0x00000108       0x70 ev_rx.o
                                0x157 (size before relaxing)
 .debug_str     0x00000178       0x5b ev_tx.o
                                0x16c (size before relaxing)
 .debug_str     0x000001d3       0x9d uart.o
                                0x150 (size before relaxing)

.debug_loc      0x00000000      0x7d8
 *(.debug_loc)
 .debug_loc     0x00000000      0x3d8 rf_at8.o
 .debug_loc     0x000003d8      0x10c ev_rx.o
 .debug_loc     0x000004e4      0x153 ev_tx.o
 .debug_loc     0x00000637      0x1a1 uart.o

.debug_macinfo
 *(.debug_macinfo)
OUTPUT(rf_at8.elf elf32-avr)
LOAD linker stubs

.debug_ranges   0x00000000       0xc0
 .debug_ranges  0x00000000       0x48 rf_at8.o
 .debug_ranges  0x00000048       0x78 ev_rx.o
