Archive member included because of file (symbol)

c:/winavr-20100110/bin/../lib/gcc/avr/4.3.3/avr4\libgcc.a(_udivmodhi4.o)
                              uart.o (__udivmodhi4)
c:/winavr-20100110/bin/../lib/gcc/avr/4.3.3/avr4\libgcc.a(_exit.o)
                              c:/winavr-20100110/bin/../lib/gcc/avr/4.3.3/../../../../avr/lib/avr4/crtm8.o (exit)
c:/winavr-20100110/bin/../lib/gcc/avr/4.3.3/avr4\libgcc.a(_copy_data.o)
                              switch.o (__do_copy_data)
c:/winavr-20100110/bin/../lib/gcc/avr/4.3.3/avr4\libgcc.a(_clear_bss.o)
                              switch.o (__do_clear_bss)
c:/winavr-20100110/bin/../lib/gcc/avr/4.3.3/../../../../avr/lib/avr4\libc.a(iob.o)
                              uart.o (__iob)
c:/winavr-20100110/bin/../lib/gcc/avr/4.3.3/../../../../avr/lib/avr4\libc.a(printf.o)
                              switch.o (printf)
c:/winavr-20100110/bin/../lib/gcc/avr/4.3.3/../../../../avr/lib/avr4\libc.a(putchar.o)
                              switch.o (putchar)
c:/winavr-20100110/bin/../lib/gcc/avr/4.3.3/../../../../avr/lib/avr4\libc.a(puts.o)
                              switch.o (puts)
c:/winavr-20100110/bin/../lib/gcc/avr/4.3.3/../../../../avr/lib/avr4\libc.a(vfprintf_std.o)
                              c:/winavr-20100110/bin/../lib/gcc/avr/4.3.3/../../../../avr/lib/avr4\libc.a(printf.o) (vfprintf)
c:/winavr-20100110/bin/../lib/gcc/avr/4.3.3/../../../../avr/lib/avr4\libc.a(eerd_byte_atmega8.o)
                              switch.o (__eerd_byte_m8)
c:/winavr-20100110/bin/../lib/gcc/avr/4.3.3/../../../../avr/lib/avr4\libc.a(eewr_byte_atmega8.o)
                              switch.o (__eewr_byte_m8)
c:/winavr-20100110/bin/../lib/gcc/avr/4.3.3/../../../../avr/lib/avr4\libc.a(strnlen_P.o)
                              c:/winavr-20100110/bin/../lib/gcc/avr/4.3.3/../../../../avr/lib/avr4\libc.a(vfprintf_std.o) (strnlen_P)
c:/winavr-20100110/bin/../lib/gcc/avr/4.3.3/../../../../avr/lib/avr4\libc.a(strnlen.o)
                              c:/winavr-20100110/bin/../lib/gcc/avr/4.3.3/../../../../avr/lib/avr4\libc.a(vfprintf_std.o) (strnlen)
c:/winavr-20100110/bin/../lib/gcc/avr/4.3.3/../../../../avr/lib/avr4\libc.a(fputc.o)
                              c:/winavr-20100110/bin/../lib/gcc/avr/4.3.3/../../../../avr/lib/avr4\libc.a(putchar.o) (fputc)
c:/winavr-20100110/bin/../lib/gcc/avr/4.3.3/../../../../avr/lib/avr4\libc.a(ultoa_invert.o)
                              c:/winavr-20100110/bin/../lib/gcc/avr/4.3.3/../../../../avr/lib/avr4\libc.a(vfprintf_std.o) (__ultoa_invert)
c:/winavr-20100110/bin/../lib/gcc/avr/4.3.3/avr4\libgcc.a(_prologue.o)
                              c:/winavr-20100110/bin/../lib/gcc/avr/4.3.3/../../../../avr/lib/avr4\libc.a(printf.o) (__prologue_saves__)
c:/winavr-20100110/bin/../lib/gcc/avr/4.3.3/avr4\libgcc.a(_epilogue.o)
                              c:/winavr-20100110/bin/../lib/gcc/avr/4.3.3/../../../../avr/lib/avr4\libc.a(printf.o) (__epilogue_restores__)

Allocating common symbols
Common symbol       size              file

command             0x1e              uart.o
count               0x2               uart.o
code                0x7               switch.o
__iob               0x6               c:/winavr-20100110/bin/../lib/gcc/avr/4.3.3/../../../../avr/lib/avr4\libc.a(iob.o)
coderf              0x7               switch.o

Memory Configuration

Name             Origin             Length             Attributes
text             0x00000000         0x00002000         xr
data             0x00800060         0x0000ffa0         rw !x
eeprom           0x00810000         0x00010000         rw !x
fuse             0x00820000         0x00000400         rw !x
lock             0x00830000         0x00000400         rw !x
signature        0x00840000         0x00000400         rw !x
*default*        0x00000000         0xffffffff

Linker script and memory map

LOAD c:/winavr-20100110/bin/../lib/gcc/avr/4.3.3/../../../../avr/lib/avr4/crtm8.o
LOAD switch.o
LOAD ev_rx.o
LOAD ev_tx.o
LOAD uart.o
LOAD c:/winavr-20100110/bin/../lib/gcc/avr/4.3.3/avr4\libgcc.a
LOAD c:/winavr-20100110/bin/../lib/gcc/avr/4.3.3/../../../../avr/lib/avr4\libc.a
LOAD c:/winavr-20100110/bin/../lib/gcc/avr/4.3.3/avr4\libgcc.a

.hash
 *(.hash)

.dynsym
 *(.dynsym)

.dynstr
 *(.dynstr)

.gnu.version
 *(.gnu.version)

.gnu.version_d
 *(.gnu.version_d)

.gnu.version_r
 *(.gnu.version_r)

.rel.init
 *(.rel.init)

.rela.init
 *(.rela.init)

.rel.text
 *(.rel.text)
 *(.rel.text.*)
 *(.rel.gnu.linkonce.t*)

.rela.text
 *(.rela.text)
 *(.rela.text.*)
 *(.rela.gnu.linkonce.t*)

.rel.fini
 *(.rel.fini)

.rela.fini
 *(.rela.fini)

.rel.rodata
 *(.rel.rodata)
 *(.rel.rodata.*)
 *(.rel.gnu.linkonce.r*)

.rela.rodata
 *(.rela.rodata)
 *(.rela.rodata.*)
 *(.rela.gnu.linkonce.r*)

.rel.data
 *(.rel.data)
 *(.rel.data.*)
 *(.rel.gnu.linkonce.d*)

.rela.data
 *(.rela.data)
 *(.rela.data.*)
 *(.rela.gnu.linkonce.d*)

.rel.ctors
 *(.rel.ctors)

.rela.ctors
 *(.rela.ctors)

.rel.dtors
 *(.rel.dtors)

.rela.dtors
 *(.rela.dtors)

.rel.got
 *(.rel.got)

.rela.got
 *(.rela.got)

.rel.bss
 *(.rel.bss)

.rela.bss
 *(.rela.bss)

.rel.plt
 *(.rel.plt)

.rela.plt
 *(.rela.plt)

.text           0x00000000     0x12f0
 *(.vectors)
 .vectors       0x00000000       0x26 c:/winavr-20100110/bin/../lib/gcc/avr/4.3.3/../../../../avr/lib/avr4/crtm8.o
                0x00000000                __vectors
                0x00000000                __vector_default
 *(.vectors)
 *(.progmem.gcc*)
 *(.progmem*)
                0x00000026                . = ALIGN (0x2)
                0x00000026                __trampolines_start = .
 *(.trampolines)
 .trampolines   0x00000026        0x0 linker stubs
 *(.trampolines*)
                0x00000026                __trampolines_end = .
 *(.jumptables)
 *(.jumptables*)
 *(.lowtext)
 *(.lowtext*)
                0x00000026                __ctors_start = .
 *(.ctors)
                0x00000026                __ctors_end = .
                0x00000026                __dtors_start = .
 *(.dtors)
                0x00000026                __dtors_end = .
 SORT(*)(.ctors)
 SORT(*)(.dtors)
 *(.init0)
 .init0         0x00000026        0x0 c:/winavr-20100110/bin/../lib/gcc/avr/4.3.3/../../../../avr/lib/avr4/crtm8.o
                0x00000026                __init
 *(.init0)
 *(.init1)
 *(.init1)
 *(.init2)
 .init2         0x00000026        0xc c:/winavr-20100110/bin/../lib/gcc/avr/4.3.3/../../../../avr/lib/avr4/crtm8.o
 *(.init2)
 *(.init3)
 *(.init3)
 *(.init4)
 .init4         0x00000032       0x16 c:/winavr-20100110/bin/../lib/gcc/avr/4.3.3/avr4\libgcc.a(_copy_data.o)
                0x00000032                __do_copy_data
 .init4         0x00000048       0x10 c:/winavr-20100110/bin/../lib/gcc/avr/4.3.3/avr4\libgcc.a(_clear_bss.o)
                0x00000048                __do_clear_bss
 *(.init4)
 *(.init5)
 *(.init5)
 *(.init6)
 *(.init6)
 *(.init7)
 *(.init7)
 *(.init8)
 *(.init8)
 *(.init9)
 .init9         0x00000058        0x4 c:/winavr-20100110/bin/../lib/gcc/avr/4.3.3/../../../../avr/lib/avr4/crtm8.o
 *(.init9)
 *(.text)
 .text          0x0000005c        0x2 c:/winavr-20100110/bin/../lib/gcc/avr/4.3.3/../../../../avr/lib/avr4/crtm8.o
                0x0000005c                __vector_1
                0x0000005c                __vector_12
                0x0000005c                __bad_interrupt
                0x0000005c                __vector_6
                0x0000005c                __vector_3
                0x0000005c                __vector_13
                0x0000005c                __vector_17
                0x0000005c                __vector_7
                0x0000005c                __vector_5
                0x0000005c                __vector_4
                0x0000005c                __vector_9
                0x0000005c                __vector_2
                0x0000005c                __vector_15
                0x0000005c                __vector_8
                0x0000005c                __vector_14
                0x0000005c                __vector_10
                0x0000005c                __vector_16
                0x0000005c                __vector_18
 .text          0x0000005e      0x8c8 switch.o
                0x000008d6                uart_received
                0x00000138                getCode
                0x0000005e                gpioInit
                0x0000021a                main
                0x00000074                scene
 .text          0x00000926       0xcc ev_rx.o
                0x00000926                M_Get_Pulsestart
                0x000009ca                M_Get_Frame
                0x0000095e                M_Get_Byte
                0x0000099e                M_Get_Array
 .text          0x000009f2       0xe2 ev_tx.o
                0x000009f2                M_Sent_Bit
                0x00000a1e                M_Pulse_Start
                0x00000a34                M_Sent_Byte
                0x00000a6e                M_Sent_Array
                0x00000a96                M_Sent_Frame
 .text          0x00000ad4      0x1e2 uart.o
                0x00000b40                proc
                0x00000be0                is_command
                0x00000ad4                uart_char_tx
                0x00000c04                __vector_11
                0x00000b42                clear
                0x00000b52                findstr
                0x00000aea                uartInit
                0x00000b0a                printptr
 .text          0x00000cb6        0x0 c:/winavr-20100110/bin/../lib/gcc/avr/4.3.3/avr4\libgcc.a(_udivmodhi4.o)
 .text          0x00000cb6        0x0 c:/winavr-20100110/bin/../lib/gcc/avr/4.3.3/avr4\libgcc.a(_exit.o)
 .text          0x00000cb6        0x0 c:/winavr-20100110/bin/../lib/gcc/avr/4.3.3/avr4\libgcc.a(_copy_data.o)
 .text          0x00000cb6        0x0 c:/winavr-20100110/bin/../lib/gcc/avr/4.3.3/avr4\libgcc.a(_clear_bss.o)
 .text          0x00000cb6        0x0 c:/winavr-20100110/bin/../lib/gcc/avr/4.3.3/../../../../avr/lib/avr4\libc.a(iob.o)
 .text          0x00000cb6        0x0 c:/winavr-20100110/bin/../lib/gcc/avr/4.3.3/../../../../avr/lib/avr4\libc.a(printf.o)
 .text          0x00000cb6        0x0 c:/winavr-20100110/bin/../lib/gcc/avr/4.3.3/../../../../avr/lib/avr4\libc.a(putchar.o)
 .text          0x00000cb6        0x0 c:/winavr-20100110/bin/../lib/gcc/avr/4.3.3/../../../../avr/lib/avr4\libc.a(puts.o)
 .text          0x00000cb6        0x0 c:/winavr-20100110/bin/../lib/gcc/avr/4.3.3/../../../../avr/lib/avr4\libc.a(vfprintf_std.o)
 .text          0x00000cb6        0x0 c:/winavr-20100110/bin/../lib/gcc/avr/4.3.3/../../../../avr/lib/avr4\libc.a(eerd_byte_atmega8.o)
 .text          0x00000cb6        0x0 c:/winavr-20100110/bin/../lib/gcc/avr/4.3.3/../../../../avr/lib/avr4\libc.a(eewr_byte_atmega8.o)
 .text          0x00000cb6        0x0 c:/winavr-20100110/bin/../lib/gcc/avr/4.3.3/../../../../avr/lib/avr4\libc.a(strnlen_P.o)
 .text          0x00000cb6        0x0 c:/winavr-20100110/bin/../lib/gcc/avr/4.3.3/../../../../avr/lib/avr4\libc.a(strnlen.o)
 .text          0x00000cb6        0x0 c:/winavr-20100110/bin/../lib/gcc/avr/4.3.3/../../../../avr/lib/avr4\libc.a(fputc.o)
 .text          0x00000cb6        0x0 c:/winavr-20100110/bin/../lib/gcc/avr/4.3.3/../../../../avr/lib/avr4\libc.a(ultoa_invert.o)
 .text          0x00000cb6        0x0 c:/winavr-20100110/bin/../lib/gcc/avr/4.3.3/avr4\libgcc.a(_prologue.o)
 .text          0x00000cb6        0x0 c:/winavr-20100110/bin/../lib/gcc/avr/4.3.3/avr4\libgcc.a(_epilogue.o)
                0x00000cb6                . = ALIGN (0x2)
 *(.text.*)
 .text.libgcc   0x00000cb6       0x28 c:/winavr-20100110/bin/../lib/gcc/avr/4.3.3/avr4\libgcc.a(_udivmodhi4.o)
                0x00000cb6                __udivmodhi4
 .text.libgcc   0x00000cde        0x0 c:/winavr-20100110/bin/../lib/gcc/avr/4.3.3/avr4\libgcc.a(_exit.o)
 .text.libgcc   0x00000cde        0x0 c:/winavr-20100110/bin/../lib/gcc/avr/4.3.3/avr4\libgcc.a(_copy_data.o)
 .text.libgcc   0x00000cde        0x0 c:/winavr-20100110/bin/../lib/gcc/avr/4.3.3/avr4\libgcc.a(_clear_bss.o)
 .text.avr-libc
                0x00000cde       0x24 c:/winavr-20100110/bin/../lib/gcc/avr/4.3.3/../../../../avr/lib/avr4\libc.a(printf.o)
                0x00000cde                printf
 .text.avr-libc
                0x00000d02        0xc c:/winavr-20100110/bin/../lib/gcc/avr/4.3.3/../../../../avr/lib/avr4\libc.a(putchar.o)
                0x00000d02                putchar
 .text.avr-libc
                0x00000d0e       0x6a c:/winavr-20100110/bin/../lib/gcc/avr/4.3.3/../../../../avr/lib/avr4\libc.a(puts.o)
                0x00000d0e                puts
 .text.avr-libc
                0x00000d78      0x39c c:/winavr-20100110/bin/../lib/gcc/avr/4.3.3/../../../../avr/lib/avr4\libc.a(vfprintf_std.o)
                0x00000d78                vfprintf
 .text.avr-libc
                0x00001114       0x10 c:/winavr-20100110/bin/../lib/gcc/avr/4.3.3/../../../../avr/lib/avr4\libc.a(eerd_byte_atmega8.o)
                0x00001114                __eerd_byte_m8
 .text.avr-libc
                0x00001124       0x1a c:/winavr-20100110/bin/../lib/gcc/avr/4.3.3/../../../../avr/lib/avr4\libc.a(eewr_byte_atmega8.o)
                0x00001124                __eewr_byte_m8
                0x00001126                __eewr_r18_m8
 .text.avr-libc
                0x0000113e       0x16 c:/winavr-20100110/bin/../lib/gcc/avr/4.3.3/../../../../avr/lib/avr4\libc.a(strnlen_P.o)
                0x0000113e                strnlen_P
 .text.avr-libc
                0x00001154       0x16 c:/winavr-20100110/bin/../lib/gcc/avr/4.3.3/../../../../avr/lib/avr4\libc.a(strnlen.o)
                0x00001154                strnlen
 .text.avr-libc
                0x0000116a       0x58 c:/winavr-20100110/bin/../lib/gcc/avr/4.3.3/../../../../avr/lib/avr4\libc.a(fputc.o)
                0x0000116a                fputc
 .text.avr-libc
                0x000011c2       0xbc c:/winavr-20100110/bin/../lib/gcc/avr/4.3.3/../../../../avr/lib/avr4\libc.a(ultoa_invert.o)
                0x000011c2                __ultoa_invert
 .text.libgcc   0x0000127e       0x38 c:/winavr-20100110/bin/../lib/gcc/avr/4.3.3/avr4\libgcc.a(_prologue.o)
                0x0000127e                __prologue_saves__
 .text.libgcc   0x000012b6       0x36 c:/winavr-20100110/bin/../lib/gcc/avr/4.3.3/avr4\libgcc.a(_epilogue.o)
                0x000012b6                __epilogue_restores__
                0x000012ec                . = ALIGN (0x2)
 *(.fini9)
 .fini9         0x000012ec        0x0 c:/winavr-20100110/bin/../lib/gcc/avr/4.3.3/avr4\libgcc.a(_exit.o)
                0x000012ec                exit
                0x000012ec                _exit
 *(.fini9)
 *(.fini8)
 *(.fini8)
 *(.fini7)
 *(.fini7)
 *(.fini6)
 *(.fini6)
 *(.fini5)
 *(.fini5)
 *(.fini4)
 *(.fini4)
 *(.fini3)
 *(.fini3)
 *(.fini2)
 *(.fini2)
 *(.fini1)
 *(.fini1)
 *(.fini0)
 .fini0         0x000012ec        0x4 c:/winavr-20100110/bin/../lib/gcc/avr/4.3.3/avr4\libgcc.a(_exit.o)
 *(.fini0)
                0x000012f0                _etext = .

.data           0x00800060      0x10a load address 0x000012f0
                0x00800060                PROVIDE (__data_start, .)
 *(.data)
 .data          0x00800060        0x0 c:/winavr-20100110/bin/../lib/gcc/avr/4.3.3/../../../../avr/lib/avr4/crtm8.o
 .data          0x00800060       0xea switch.o
                0x00800147                sw4
                0x00800148                sw5
                0x00800146                sw3
                0x00800149                sw6
                0x00800144                sw1
                0x00800143                Mcode
                0x00800145                sw2
 .data          0x0080014a        0x0 ev_rx.o
 .data          0x0080014a        0x0 ev_tx.o
 .data          0x0080014a       0x1f uart.o
 .data          0x00800169        0x0 c:/winavr-20100110/bin/../lib/gcc/avr/4.3.3/avr4\libgcc.a(_udivmodhi4.o)
 .data          0x00800169        0x0 c:/winavr-20100110/bin/../lib/gcc/avr/4.3.3/avr4\libgcc.a(_exit.o)
 .data          0x00800169        0x0 c:/winavr-20100110/bin/../lib/gcc/avr/4.3.3/avr4\libgcc.a(_copy_data.o)
 .data          0x00800169        0x0 c:/winavr-20100110/bin/../lib/gcc/avr/4.3.3/avr4\libgcc.a(_clear_bss.o)
 .data          0x00800169        0x0 c:/winavr-20100110/bin/../lib/gcc/avr/4.3.3/../../../../avr/lib/avr4\libc.a(iob.o)
 .data          0x00800169        0x0 c:/winavr-20100110/bin/../lib/gcc/avr/4.3.3/../../../../avr/lib/avr4\libc.a(printf.o)
 .data          0x00800169        0x0 c:/winavr-20100110/bin/../lib/gcc/avr/4.3.3/../../../../avr/lib/avr4\libc.a(putchar.o)
 .data          0x00800169        0x0 c:/winavr-20100110/bin/../lib/gcc/avr/4.3.3/../../../../avr/lib/avr4\libc.a(puts.o)
 .data          0x00800169        0x0 c:/winavr-20100110/bin/../lib/gcc/avr/4.3.3/../../../../avr/lib/avr4\libc.a(vfprintf_std.o)
 .data          0x00800169        0x0 c:/winavr-20100110/bin/../lib/gcc/avr/4.3.3/../../../../avr/lib/avr4\libc.a(eerd_byte_atmega8.o)
 .data          0x00800169        0x0 c:/winavr-20100110/bin/../lib/gcc/avr/4.3.3/../../../../avr/lib/avr4\libc.a(eewr_byte_atmega8.o)
 .data          0x00800169        0x0 c:/winavr-20100110/bin/../lib/gcc/avr/4.3.3/../../../../avr/lib/avr4\libc.a(strnlen_P.o)
 .data          0x00800169        0x0 c:/winavr-20100110/bin/../lib/gcc/avr/4.3.3/../../../../avr/lib/avr4\libc.a(strnlen.o)
 .data          0x00800169        0x0 c:/winavr-20100110/bin/../lib/gcc/avr/4.3.3/../../../../avr/lib/avr4\libc.a(fputc.o)
 .data          0x00800169        0x0 c:/winavr-20100110/bin/../lib/gcc/avr/4.3.3/../../../../avr/lib/avr4\libc.a(ultoa_invert.o)
 .data          0x00800169        0x0 c:/winavr-20100110/bin/../lib/gcc/avr/4.3.3/avr4\libgcc.a(_prologue.o)
 .data          0x00800169        0x0 c:/winavr-20100110/bin/../lib/gcc/avr/4.3.3/avr4\libgcc.a(_epilogue.o)
 *(.data*)
 *(.rodata)
 *(.rodata*)
 *(.gnu.linkonce.d*)
                0x0080016a                . = ALIGN (0x2)
 *fill*         0x00800169        0x1 00
                0x0080016a                _edata = .
                0x0080016a                PROVIDE (__data_end, .)

.bss            0x0080016a       0x34
                0x0080016a                PROVIDE (__bss_start, .)
 *(.bss)
 .bss           0x0080016a        0x0 c:/winavr-20100110/bin/../lib/gcc/avr/4.3.3/../../../../avr/lib/avr4/crtm8.o
 .bss           0x0080016a        0x0 switch.o
 .bss           0x0080016a        0x0 ev_rx.o
 .bss           0x0080016a        0x0 ev_tx.o
 .bss           0x0080016a        0x0 uart.o
 .bss           0x0080016a        0x0 c:/winavr-20100110/bin/../lib/gcc/avr/4.3.3/avr4\libgcc.a(_udivmodhi4.o)
 .bss           0x0080016a        0x0 c:/winavr-20100110/bin/../lib/gcc/avr/4.3.3/avr4\libgcc.a(_exit.o)
 .bss           0x0080016a        0x0 c:/winavr-20100110/bin/../lib/gcc/avr/4.3.3/avr4\libgcc.a(_copy_data.o)
 .bss           0x0080016a        0x0 c:/winavr-20100110/bin/../lib/gcc/avr/4.3.3/avr4\libgcc.a(_clear_bss.o)
 .bss           0x0080016a        0x0 c:/winavr-20100110/bin/../lib/gcc/avr/4.3.3/../../../../avr/lib/avr4\libc.a(iob.o)
 .bss           0x0080016a        0x0 c:/winavr-20100110/bin/../lib/gcc/avr/4.3.3/../../../../avr/lib/avr4\libc.a(printf.o)
 .bss           0x0080016a        0x0 c:/winavr-20100110/bin/../lib/gcc/avr/4.3.3/../../../../avr/lib/avr4\libc.a(putchar.o)
 .bss           0x0080016a        0x0 c:/winavr-20100110/bin/../lib/gcc/avr/4.3.3/../../../../avr/lib/avr4\libc.a(puts.o)
 .bss           0x0080016a        0x0 c:/winavr-20100110/bin/../lib/gcc/avr/4.3.3/../../../../avr/lib/avr4\libc.a(vfprintf_std.o)
 .bss           0x0080016a        0x0 c:/winavr-20100110/bin/../lib/gcc/avr/4.3.3/../../../../avr/lib/avr4\libc.a(eerd_byte_atmega8.o)
 .bss           0x0080016a        0x0 c:/winavr-20100110/bin/../lib/gcc/avr/4.3.3/../../../../avr/lib/avr4\libc.a(eewr_byte_atmega8.o)
 .bss           0x0080016a        0x0 c:/winavr-20100110/bin/../lib/gcc/avr/4.3.3/../../../../avr/lib/avr4\libc.a(strnlen_P.o)
 .bss           0x0080016a        0x0 c:/winavr-20100110/bin/../lib/gcc/avr/4.3.3/../../../../avr/lib/avr4\libc.a(strnlen.o)
 .bss           0x0080016a        0x0 c:/winavr-20100110/bin/../lib/gcc/avr/4.3.3/../../../../avr/lib/avr4\libc.a(fputc.o)
 .bss           0x0080016a        0x0 c:/winavr-20100110/bin/../lib/gcc/avr/4.3.3/../../../../avr/lib/avr4\libc.a(ultoa_invert.o)
 .bss           0x0080016a        0x0 c:/winavr-20100110/bin/../lib/gcc/avr/4.3.3/avr4\libgcc.a(_prologue.o)
 .bss           0x0080016a        0x0 c:/winavr-20100110/bin/../lib/gcc/avr/4.3.3/avr4\libgcc.a(_epilogue.o)
 *(.bss*)
 *(COMMON)
 COMMON         0x0080016a        0xe switch.o
                0x0080016a                code
                0x00800171                coderf
 COMMON         0x00800178       0x20 uart.o
                0x00800178                command
                0x00800196                count
 COMMON         0x00800198        0x6 c:/winavr-20100110/bin/../lib/gcc/avr/4.3.3/../../../../avr/lib/avr4\libc.a(iob.o)
                0x00800198                __iob
                0x0080019e                PROVIDE (__bss_end, .)
                0x000012f0                __data_load_start = LOADADDR (.data)
                0x000013fa                __data_load_end = (__data_load_start + SIZEOF (.data))

.noinit         0x0080019e        0x0
                0x0080019e                PROVIDE (__noinit_start, .)
 *(.noinit*)
                0x0080019e                PROVIDE (__noinit_end, .)
                0x0080019e                _end = .
                0x0080019e                PROVIDE (__heap_start, .)

.eeprom         0x00810000        0x0
 *(.eeprom*)
                0x00810000                __eeprom_end = .

.fuse
 *(.fuse)
 *(.lfuse)
 *(.hfuse)
 *(.efuse)

.lock
 *(.lock*)

.signature
 *(.signature*)

.stab
 *(.stab)

.stabstr
 *(.stabstr)

.stab.excl
 *(.stab.excl)

.stab.exclstr
 *(.stab.exclstr)

.stab.index
 *(.stab.index)

.stab.indexstr
 *(.stab.indexstr)

.comment
 *(.comment)

.debug
 *(.debug)

.line
 *(.line)

.debug_srcinfo
 *(.debug_srcinfo)

.debug_sfnames
 *(.debug_sfnames)

.debug_aranges  0x00000000       0x80
 *(.debug_aranges)
 .debug_aranges
                0x00000000       0x20 switch.o
 .debug_aranges
                0x00000020       0x20 ev_rx.o
 .debug_aranges
                0x00000040       0x20 ev_tx.o
 .debug_aranges
                0x00000060       0x20 uart.o

.debug_pubnames
                0x00000000      0x1ea
 *(.debug_pubnames)
 .debug_pubnames
                0x00000000       0x9e switch.o
 .debug_pubnames
                0x0000009e       0x56 ev_rx.o
 .debug_pubnames
                0x000000f4       0x65 ev_tx.o
 .debug_pubnames
                0x00000159       0x91 uart.o

.debug_info     0x00000000     0x15d1
 *(.debug_info)
 .debug_info    0x00000000      0xb06 switch.o
 .debug_info    0x00000b06      0x2ae ev_rx.o
 .debug_info    0x00000db4      0x4aa ev_tx.o
 .debug_info    0x0000125e      0x373 uart.o
 *(.gnu.linkonce.wi.*)

.debug_abbrev   0x00000000      0x644
 *(.debug_abbrev)
 .debug_abbrev  0x00000000      0x1e1 switch.o
 .debug_abbrev  0x000001e1      0x149 ev_rx.o
 .debug_abbrev  0x0000032a      0x140 ev_tx.o
 .debug_abbrev  0x0000046a      0x1da uart.o

.debug_line     0x00000000     0x10bb
 *(.debug_line)
 .debug_line    0x00000000      0xa4e switch.o
 .debug_line    0x00000a4e      0x1f1 ev_rx.o
 .debug_line    0x00000c3f      0x232 ev_tx.o
 .debug_line    0x00000e71      0x24a uart.o

.debug_frame    0x00000000      0x1a0
 *(.debug_frame)
 .debug_frame   0x00000000       0x60 switch.o
 .debug_frame   0x00000060       0x50 ev_rx.o
 .debug_frame   0x000000b0       0x60 ev_tx.o
 .debug_frame   0x00000110       0x90 uart.o

.debug_str      0x00000000      0x273
 *(.debug_str)
 .debug_str     0x00000000      0x10b switch.o
                                0x149 (size before relaxing)
 .debug_str     0x0000010b       0x70 ev_rx.o
                                0x157 (size before relaxing)
 .debug_str     0x0000017b       0x5b ev_tx.o
                                0x16c (size before relaxing)
 .debug_str     0x000001d6       0x9d uart.o
                                0x150 (size before relaxing)

.debug_loc      0x00000000     0x2473
 *(.debug_loc)
 .debug_loc     0x00000000     0x2073 switch.o
 .debug_loc     0x00002073      0x10c ev_rx.o
 .debug_loc     0x0000217f      0x153 ev_tx.o
 .debug_loc     0x000022d2      0x1a1 uart.o

.debug_macinfo
 *(.debug_macinfo)
OUTPUT(switch.elf elf32-avr)
LOAD linker stubs

.debug_ranges   0x00000000       0xc0
 .debug_ranges  0x00000000       0x48 switch.o
 .debug_ranges  0x00000048       0x78 ev_rx.o
